// Jest Snapshot v1, https://goo.gl/fbAQLP

exports[`Intro page DOM rendering test component and snapshot matches 1`] = `
<div
  className="container background"
>
  <div
    className="box"
  >
    <div
      className="btn"
      onClick={[Function]}
      style={
        Object {
          "borderColor": "#fff",
          "color": "#fff",
        }
      }
    >
      <span
        className="txt"
      >
        Button
      </span>
    </div>
  </div>
</div>
`;
